bun test v1.4.0 (34cbb9a40)

plans/battle-audit/flow-checks.test.ts:
46 |   const caster = hero("caster", 30, ["arcane-channeling", "basic-attack"]);
47 |   const ally = hero("ally", 20, ["basic-attack"]);
48 |   const bm = new BM([caster, ally, enemy()], "charge-skip");
49 |   bm.start();
50 |   cast(bm, caster, "arcane-channeling");
51 |   expect(bm.getCurrentRoundNumber()).toBe(0);
                                          ^
error: expect(received).toBe(expected)

Expected: 0
Received: 1

      at <anonymous> (/Users/christianschneeweiss/Documents/business/loot-game/game/plans/battle-audit/flow-checks.test.ts:51:38)
(fail) channeling must not consume the following ally's combat turn [3.00ms]
61 |   bm.start();
62 |   advanceBots(bm);
63 |   expect(bm.getCurrentRound().orderQueue).toEqual([caster.id]);
64 |   cast(bm, caster, "arcane-channeling");
65 |   expect(bm.isGameOver()).toBe(false);
66 |   expect(bm.getCurrentRound().orderQueue.length).toBeGreaterThan(0);
                                                      ^
error: expect(received).toBeGreaterThan(expected)

Expected: > 0
Received: 0

      at <anonymous> (/Users/christianschneeweiss/Documents/business/loot-game/game/plans/battle-audit/flow-checks.test.ts:66:50)
(fail) channeling from the last initiative slot must leave a playable turn queue [0.43ms]
75 |   const release = bm.events.filter(({ event }) =>
76 |     event.eventType === "SPELL_CAST" && event.data.spellId === "caster-arcane-channeling"
77 |   );
78 |   expect(release).toHaveLength(2);
79 |   const displayed = buildTimeline(bm.startEntityData, bm.events, undefined, bm.effectTracking).at(-1)!;
80 |   expect(displayed.stats.get(caster.id)!.mana).toBe(caster.mana);
                                                    ^
error: expect(received).toBe(expected)

Expected: 110
Received: 70

      at <anonymous> (/Users/christianschneeweiss/Documents/business/loot-game/game/plans/battle-audit/flow-checks.test.ts:80:48)
(fail) charge release must not charge mana a second time in client reconstruction [0.90ms]
89 |   bm.start();
90 |   cast(bm, caster, "arcane-channeling");
91 |   expect(bm.getCurrentRound().orderQueue[0]).toBe(ally.id);
92 |   cast(bm, ally, "single-heal", [ally.id]);
93 |   expect(bm.deadEntities.has(victim.id)).toBe(true);
94 |   expect(victim.health).toBe(0);
                             ^
error: expect(received).toBe(expected)

Expected: 0
Received: 2

      at <anonymous> (/Users/christianschneeweiss/Documents/business/loot-game/game/plans/battle-audit/flow-checks.test.ts:94:25)
(fail) death during charge release must not regenerate and revive the queued enemy [0.63ms]
103 |   caster.health = 100;
104 |   caster.mana = 0;
105 |   const bm = new BM([caster, enemy()], "opening-upkeep");
106 |   bm.start();
107 |   advanceBots(bm);
108 |   expect(caster.health).toBe(110);
                              ^
error: expect(received).toBe(expected)

Expected: 110
Received: 100

      at <anonymous> (/Users/christianschneeweiss/Documents/business/loot-game/game/plans/battle-audit/flow-checks.test.ts:108:25)
(fail) opening turn receives the same upkeep as later turns [0.17ms]
118 |   const bm = new BM([caster, ally, defender], "reflection-healing-order");
119 |   bm.start();
120 |   cast(bm, caster, "soulflare");
121 |   expect(caster.health).toBe(caster.maxHealth);
122 |   const displayed = buildTimeline(bm.startEntityData, bm.events, undefined, bm.effectTracking).at(-1)!;
123 |   expect(displayed.stats.get(caster.id)!.health).toBe(caster.health);
                                                       ^
error: expect(received).toBe(expected)

Expected: 500
Received: 492

      at <anonymous> (/Users/christianschneeweiss/Documents/business/loot-game/game/plans/battle-audit/flow-checks.test.ts:123:50)
(fail) client preserves reflected damage followed by capped Soulflare healing [0.51ms]

 0 pass
 6 fail
 12 expect() calls
Ran 6 tests across 1 file. [41.00ms]
